// Jest Snapshot v1, https://goo.gl/fbAQLP

exports[`<Main /> sould render equals 1`] = `
<main>
  <h1>
    react avan√ßado
  </h1>
  <p>
    about the jest
  </p>
</main>
`
